// Jest Snapshot v1, https://goo.gl/fbAQLP

exports[`ExchangerCard Component matches the snapshot 1`] = `
<DocumentFragment>
  <div
    class="card card"
  >
    <img
      alt="Test Exchanger"
      class="card-img image"
      src="test-image-url"
    />
    <div
      class="body card-body"
    >
      <div
        class="wrapper"
      >
        <div
          class="card-title h5"
        >
          Test Exchanger
        </div>
        <p
          class="text card-text"
        >
          1
        </p>
      </div>
      <button
        class="btn btn btn-primary"
        data-testid="exchanger-button"
        role="button"
        type="button"
      >
        <svg
          class="icon"
          fill="currentColor"
          height="1em"
          stroke="currentColor"
          stroke-width="0"
          viewBox="0 0 16 16"
          width="1em"
          xmlns="http://www.w3.org/2000/svg"
        >
          <path
            d="M1 8a7 7 0 1 0 14 0A7 7 0 0 0 1 8zm15 0A8 8 0 1 1 0 8a8 8 0 0 1 16 0zM4.5 7.5a.5.5 0 0 0 0 1h5.793l-2.147 2.146a.5.5 0 0 0 .708.708l3-3a.5.5 0 0 0 0-.708l-3-3a.5.5 0 1 0-.708.708L10.293 7.5H4.5z"
            fill-rule="evenodd"
          />
        </svg>
      </button>
    </div>
  </div>
</DocumentFragment>
`;
